// Jest Snapshot v1, https://goo.gl/fbAQLP

exports[`SharedScreen.LoginPage should render correctly 1`] = `
<View
  onLayout={[Function]}
  style={
    Object {
      "flex": 1,
    }
  }
>
  <View
    style={
      Array [
        Object {
          "flex": 1,
        },
        undefined,
        undefined,
        undefined,
      ]
    }
  >
    <RNCSafeAreaView
      style={
        Object {
          "backgroundColor": "#24272B",
          "justifyContent": "space-between",
        }
      }
    >
      <Modal
        hardwareAccelerated={false}
        statusBarTranslucent={true}
        transparent={true}
        visible={false}
      >
        <View
          style={
            Object {
              "alignItems": "center",
              "backgroundColor": "rgba(0,0,0, 0.4)",
              "flex": 1,
              "justifyContent": "center",
            }
          }
        >
          <ActivityIndicator
            animating={false}
            color="#F6F6F6"
            size="large"
            style={
              Object {
                "transform": Array [
                  Object {
                    "scale": 1,
                  },
                ],
              }
            }
            testID="loading_indicator"
          />
        </View>
      </Modal>
      <View
        style={
          Object {
            "backgroundColor": "#24272B",
            "borderTopRightRadius": 50,
            "height": "100%",
            "justifyContent": "center",
            "paddingHorizontal": 23,
            "paddingTop": 24,
          }
        }
      >
        <View
          style={
            Object {
              "alignItems": "center",
              "backgroundColor": "#24272B",
              "borderBottomLeftRadius": 50,
              "justifyContent": "center",
            }
          }
        >
          <Image
            source={
              Object {
                "testUri": "../../../assets/images/arvis.png",
              }
            }
            style={
              Object {
                "alignSelf": "center",
                "height": 78,
                "resizeMode": "contain",
                "width": 72,
              }
            }
          />
        </View>
        <Text
          style={
            Array [
              Object {
                "fontFamily": "OpenSans-Regular",
                "fontSize": 27,
              },
              Object {
                "color": "#24272B",
              },
              Object {
                "fontSize": 24,
              },
              Object {
                "alignSelf": "center",
                "color": "white",
                "marginVertical": 28,
                "textAlign": "center",
              },
            ]
          }
        >
          Masukkan Email/NIP dan juga kata sandi Anda pada kolom di bawah ini
        </Text>
        <View
          style={
            Array [
              Object {
                "marginVertical": 8,
              },
              Object {
                "fontSize": 12,
              },
            ]
          }
        >
          <View
            style={
              Object {
                "flexDirection": "row",
              }
            }
          >
            <TextInput
              autoCapitalize="none"
              editable={true}
              keyboardType="default"
              onBlur={[Function]}
              onChangeText={[Function]}
              onFocus={[Function]}
              placeholder="Email/NIP"
              placeholderTextColor="rgba(255, 255, 255, 0.3)"
              secureTextEntry={false}
              style={
                Array [
                  Object {
                    "alignItems": "center",
                    "backgroundColor": "#fff",
                    "borderColor": "#E5E5E5",
                    "borderRadius": 8,
                    "borderWidth": 1,
                    "color": "#000",
                    "flex": 1,
                    "fontFamily": undefined,
                    "fontSize": 13,
                    "fontStyle": "italic",
                    "height": 50,
                    "paddingHorizontal": 15,
                    "paddingVertical": 10,
                  },
                  Object {
                    "backgroundColor": "#515151",
                    "color": "#F6F6F6",
                  },
                  null,
                  Object {
                    "borderColor": "#E5E5E5",
                  },
                  Object {},
                  Object {
                    "borderRadius": 10,
                  },
                  Object {
                    "fontSize": 12,
                  },
                ]
              }
            />
          </View>
        </View>
        <View
          style={
            Array [
              Object {
                "marginVertical": 8,
              },
              Object {
                "fontSize": 12,
              },
            ]
          }
        >
          <View
            style={
              Object {
                "flexDirection": "row",
              }
            }
          >
            <TextInput
              autoCapitalize="none"
              editable={true}
              keyboardType="default"
              onBlur={[Function]}
              onChangeText={[Function]}
              onFocus={[Function]}
              placeholder="Kata sandi"
              placeholderTextColor="rgba(255, 255, 255, 0.3)"
              secureTextEntry={true}
              style={
                Array [
                  Object {
                    "alignItems": "center",
                    "backgroundColor": "#fff",
                    "borderColor": "#E5E5E5",
                    "borderRadius": 8,
                    "borderWidth": 1,
                    "color": "#000",
                    "flex": 1,
                    "fontFamily": undefined,
                    "fontSize": 13,
                    "fontStyle": "italic",
                    "height": 50,
                    "paddingHorizontal": 15,
                    "paddingVertical": 10,
                  },
                  Object {
                    "backgroundColor": "#515151",
                    "color": "#F6F6F6",
                  },
                  null,
                  Object {
                    "borderColor": "#E5E5E5",
                  },
                  Object {},
                  Object {
                    "borderRadius": 10,
                  },
                  Object {
                    "fontSize": 12,
                  },
                ]
              }
            />
            <View
              accessible={true}
              collapsable={false}
              focusable={true}
              nativeID="animatedComponent"
              onClick={[Function]}
              onResponderGrant={[Function]}
              onResponderMove={[Function]}
              onResponderRelease={[Function]}
              onResponderTerminate={[Function]}
              onResponderTerminationRequest={[Function]}
              onStartShouldSetResponder={[Function]}
              style={
                Object {
                  "opacity": 1,
                  "position": "absolute",
                  "right": 18,
                  "top": 14,
                }
              }
            >
              <Text
                allowFontScaling={false}
                style={
                  Array [
                    Object {
                      "color": "#94989f",
                      "fontSize": 20,
                    },
                    undefined,
                    Object {
                      "fontFamily": "Feather",
                      "fontStyle": "normal",
                      "fontWeight": "normal",
                    },
                    Object {},
                  ]
                }
              >
                
              </Text>
            </View>
          </View>
        </View>
        <View
          style={
            Object {
              "alignItems": "center",
              "flexDirection": "row",
              "justifyContent": "space-between",
              "marginTop": 10,
            }
          }
        >
          <View
            accessible={true}
            collapsable={false}
            focusable={true}
            nativeID="animatedComponent"
            onClick={[Function]}
            onResponderGrant={[Function]}
            onResponderMove={[Function]}
            onResponderRelease={[Function]}
            onResponderTerminate={[Function]}
            onResponderTerminationRequest={[Function]}
            onStartShouldSetResponder={[Function]}
            style={
              Object {
                "alignItems": "center",
                "flexDirection": "row",
                "opacity": 1,
              }
            }
          >
            <View
              pointerEvents="auto"
            >
              <RNCCheckbox
                boxType="square"
                forwardedRef={null}
                onValueChange={[Function]}
                style={
                  Array [
                    Object {
                      "backgroundColor": "transparent",
                      "height": 32,
                      "width": 32,
                    },
                    Object {
                      "height": 18,
                      "marginRight": 10,
                      "width": 18,
                    },
                  ]
                }
                tintColor="#515151"
                tintColors={
                  Object {
                    "false": "#515151",
                    "true": "#FFFAE5",
                  }
                }
                value={false}
              />
            </View>
            <Text
              style={
                Array [
                  Object {
                    "fontFamily": "OpenSans-Regular",
                    "fontSize": 26,
                  },
                  Object {
                    "color": "#24272B",
                  },
                  Object {
                    "fontSize": 27,
                  },
                  Object {
                    "color": "white",
                    "fontSize": 13,
                  },
                ]
              }
            >
              Ingat saya
            </Text>
          </View>
          <View
            accessible={true}
            collapsable={false}
            focusable={true}
            nativeID="animatedComponent"
            onClick={[Function]}
            onResponderGrant={[Function]}
            onResponderMove={[Function]}
            onResponderRelease={[Function]}
            onResponderTerminate={[Function]}
            onResponderTerminationRequest={[Function]}
            onStartShouldSetResponder={[Function]}
            style={
              Object {
                "alignItems": "center",
                "flexDirection": "row",
                "opacity": 1,
              }
            }
          >
            <Text
              style={
                Array [
                  Object {
                    "fontFamily": "OpenSans-Regular",
                    "fontSize": 26,
                  },
                  Object {
                    "color": "#24272B",
                  },
                  Object {
                    "fontSize": 27,
                  },
                  Object {
                    "color": "white",
                    "fontSize": 13,
                  },
                ]
              }
            >
              Lupa kata sandi?
            </Text>
          </View>
        </View>
        <View
          accessible={true}
          collapsable={false}
          focusable={true}
          nativeID="animatedComponent"
          onClick={[Function]}
          onResponderGrant={[Function]}
          onResponderMove={[Function]}
          onResponderRelease={[Function]}
          onResponderTerminate={[Function]}
          onResponderTerminationRequest={[Function]}
          onStartShouldSetResponder={[Function]}
          style={
            Object {
              "alignItems": "center",
              "backgroundColor": "#F0B10D",
              "borderColor": "#E5E5E5",
              "borderRadius": 15,
              "justifyContent": "center",
              "marginTop": 23,
              "marginVertical": 8,
              "opacity": 1,
              "paddingHorizontal": 60,
              "paddingVertical": 12,
            }
          }
        >
          <Text
            style={
              Array [
                Object {
                  "fontFamily": "OpenSans-SemiBold",
                  "fontSize": 27,
                },
                Object {
                  "color": "#24272B",
                },
                Object {
                  "fontSize": 27,
                },
                Object {
                  "color": "#F6F6F6",
                  "fontSize": 26,
                  "fontWeight": "normal",
                },
              ]
            }
          >
            Sign in
          </Text>
        </View>
      </View>
    </RNCSafeAreaView>
  </View>
  <RCTSafeAreaView
    emulateUnlessSupported={true}
    pointerEvents="box-none"
    style={
      Object {
        "bottom": 0,
        "left": 0,
        "position": "absolute",
        "right": 0,
        "top": 0,
      }
    }
  >
    <View
      collapsable={false}
      onLayout={[Function]}
      pointerEvents="box-none"
      style={
        Object {
          "flex": 1,
        }
      }
    />
  </RCTSafeAreaView>
</View>
`;
